// Jest Snapshot v1, https://goo.gl/fbAQLP

exports[`CredentialActions saveCredentialAction returns action save credential 1`] = `
Object {
  "orderId": 1,
  "token": "token",
  "type": "SAVE_CREDENTIAL",
}
`;
