// Jest Snapshot v1, https://goo.gl/fbAQLP

exports[`NotFoundPage renders template exactly 1`] = `
<div
  id="mobile-screen"
>
  <h1
    style={
      Object {
        "textAlign": "center",
      }
    }
  >
    404 Not Found!
  </h1>
</div>
`;
