// Jest Snapshot v1, https://goo.gl/fbAQLP

exports[`ApiClient axiosClient returns default with customized headers 1`] = `
Object {
  "Accept": "application/vnd.api+json",
  "Content-Type": "application/vnd.api+json",
  "common": Object {
    "Accept": "application/json, text/plain, */*",
  },
  "delete": Object {},
  "get": Object {},
  "head": Object {},
  "patch": Object {
    "Content-Type": "application/x-www-form-urlencoded",
  },
  "post": Object {
    "Content-Type": "application/x-www-form-urlencoded",
  },
  "put": Object {
    "Content-Type": "application/x-www-form-urlencoded",
  },
}
`;
